<html>
<body>
<pre>
<h1>µVision Build Log</h1>
<h2>Project:</h2>
C:\Users\U376677\Desktop\LED_test_2\Project\STM32-DEMO.uvproj
Project File Date:  09/05/2019

<h2>Output:</h2>
Rebuild target 'LED-DEMO'
assembling startup_stm32f10x_md.s...
compiling led.c...
compiling main.c...
compiling stm32f10x_it.c...
compiling stm32f10x_gpio.c...
compiling stm32f10x_rcc.c...
compiling core_cm3.c...
compiling system_stm32f10x.c...
compiling croutine.c...
compiling event_groups.c...
compiling list.c...
compiling queue.c...
compiling tasks.c...
compiling timers.c...
compiling heap_4.c...
compiling port.c...
linking...
.\STM32-DEMO.axf: Warning: L6319W: Ignoring --keep command. Cannot find section *(.arch_info_init).
.\STM32-DEMO.axf: Warning: L6319W: Ignoring --keep command. Cannot find section *(.driver_info_init).
.\STM32-DEMO.sct(12): warning: L6314W: No section matches pattern *(.arch_info_init_start).
.\STM32-DEMO.sct(16): warning: L6314W: No section matches pattern *(.arch_info_init).
.\STM32-DEMO.sct(20): warning: L6314W: No section matches pattern *(.arch_info_init_end).
.\STM32-DEMO.sct(24): warning: L6314W: No section matches pattern *(.driver_info_init_start).
.\STM32-DEMO.sct(28): warning: L6314W: No section matches pattern *(.driver_info_init).
.\STM32-DEMO.sct(32): warning: L6314W: No section matches pattern *(.driver_info_init_end).
Program Size: Code=7816 RO-data=268 RW-data=128 ZI-data=17192  
".\STM32-DEMO.axf" - 0 Errors, 8 Warning(s).
Clean started: Project: 'STM32-DEMO'
   deleting intermediate output files for target 'LED-DEMO'
Rebuild target 'LED-DEMO'
assembling startup_stm32f10x_md.s...
compiling led.c...
compiling main.c...
compiling stm32f10x_it.c...
compiling stm32f10x_gpio.c...
compiling stm32f10x_rcc.c...
compiling core_cm3.c...
compiling system_stm32f10x.c...
compiling croutine.c...
compiling event_groups.c...
compiling list.c...
compiling queue.c...
compiling tasks.c...
compiling timers.c...
compiling heap_4.c...
compiling port.c...
linking...
.\Output\STM32-DEMO.axf: Warning: L6319W: Ignoring --keep command. Cannot find section *(.arch_info_init).
.\Output\STM32-DEMO.axf: Warning: L6319W: Ignoring --keep command. Cannot find section *(.driver_info_init).
.\STM32-DEMO.sct(12): warning: L6314W: No section matches pattern *(.arch_info_init_start).
.\STM32-DEMO.sct(16): warning: L6314W: No section matches pattern *(.arch_info_init).
.\STM32-DEMO.sct(20): warning: L6314W: No section matches pattern *(.arch_info_init_end).
.\STM32-DEMO.sct(24): warning: L6314W: No section matches pattern *(.driver_info_init_start).
.\STM32-DEMO.sct(28): warning: L6314W: No section matches pattern *(.driver_info_init).
.\STM32-DEMO.sct(32): warning: L6314W: No section matches pattern *(.driver_info_init_end).
Program Size: Code=7816 RO-data=268 RW-data=128 ZI-data=17192  
FromELF: creating hex file...
".\Output\STM32-DEMO.axf" - 0 Errors, 8 Warning(s).
