<html>
<body>
<pre>
<h1>µVision Build Log</h1>
<h2>Project:</h2>
C:\Users\U376677\Desktop\LED_test_2\Project\STM32-DEMO.uvproj
Project File Date:  09/05/2019

<h2>Output:</h2>
Load "C:\\Users\\U376677\\Desktop\\LED_test_2\\Project\\Output\\STM32-DEMO.axf" 
Set JLink Project File to "C:\Users\U376677\Desktop\LED_test_2\Project\JLinkSettings.ini"
* JLink Info: Device "STM32F103C8" selected (64 KB flash, 20 KB RAM).
 
JLink info:
------------
DLL: V4.68a, compiled Apr 12 2013 13:26:50
Firmware: J-Link ARM V8 compiled Jul 17 2013 11:24:15
Hardware: V8.00
S/N : 270676280 
Feature(s) : RDI,FlashDL,FlashBP,JFlash,GDBFULL 
 
* JLink Info: TotalIRLen = 9, IRPrint = 0x0011
* JLink Info: TotalIRLen = 9, IRPrint = 0x0011
* JLink Info: Found Cortex-M3 r1p1, Little endian.
* JLink Info: TPIU fitted.
* JLink Info: FPUnit: 6 code (BP) slots and 2 literal slots
ROMTableAddr = 0xE00FF003
* JLink Info: Found Cortex-M3 r1p1, Little endian.
* JLink Info: TPIU fitted.
* JLink Info: FPUnit: 6 code (BP) slots and 2 literal slots
 
Target info:
------------
Device: STM32F103C8
VTarget = 3.254V
State of Pins: 
TCK: 1, TDI: 0, TDO: 0, TMS: 0, TRES: 1, TRST: 1
Hardware-Breakpoints: 6
Software-Breakpoints: 8192
Watchpoints:          4
JTAG speed: 2000 kHz
 
No Algorithm found for: 08000000H - 0800205BH
Erase skipped!
Load "C:\\Users\\U376677\\Desktop\\LED_test_2\\Project\\Output\\STM32-DEMO.axf" 
Set JLink Project File to "C:\Users\U376677\Desktop\LED_test_2\Project\JLinkSettings.ini"
* JLink Info: Device "STM32F103C8" selected (64 KB flash, 20 KB RAM).
 
JLink info:
------------
DLL: V4.68a, compiled Apr 12 2013 13:26:50
Firmware: J-Link ARM V8 compiled Jul 17 2013 11:24:15
Hardware: V8.00
S/N : 270676280 
Feature(s) : RDI,FlashDL,FlashBP,JFlash,GDBFULL 
 
* JLink Info: TotalIRLen = 9, IRPrint = 0x0011
* JLink Info: TotalIRLen = 9, IRPrint = 0x0011
* JLink Info: Found Cortex-M3 r1p1, Little endian.
* JLink Info: TPIU fitted.
* JLink Info: FPUnit: 6 code (BP) slots and 2 literal slots
ROMTableAddr = 0xE00FF003
* JLink Info: Found Cortex-M3 r1p1, Little endian.
* JLink Info: TPIU fitted.
* JLink Info: FPUnit: 6 code (BP) slots and 2 literal slots
 
Target info:
------------
Device: STM32F103C8
VTarget = 3.254V
State of Pins: 
TCK: 1, TDI: 0, TDO: 0, TMS: 0, TRES: 1, TRST: 1
Hardware-Breakpoints: 6
Software-Breakpoints: 8192
Watchpoints:          4
JTAG speed: 2000 kHz
 
No Algorithm found for: 08000000H - 0800205BH
Erase skipped!
Clean started: Project: 'STM32-DEMO'
   deleting intermediate output files for target 'LED-DEMO'
Rebuild target 'LED-DEMO'
assembling startup_stm32f10x_md.s...
compiling led.c...
compiling main.c...
compiling stm32f10x_it.c...
compiling stm32f10x_gpio.c...
compiling stm32f10x_rcc.c...
compiling core_cm3.c...
compiling system_stm32f10x.c...
compiling croutine.c...
compiling event_groups.c...
compiling list.c...
compiling queue.c...
compiling tasks.c...
compiling timers.c...
compiling heap_4.c...
compiling port.c...
compiling hal_init.c...
linking...
.\Output\STM32-DEMO.axf: Warning: L6319W: Ignoring --keep command. Cannot find section *(.arch_info_init).
.\Output\STM32-DEMO.axf: Warning: L6319W: Ignoring --keep command. Cannot find section *(.driver_info_init).
.\STM32-DEMO.sct(16): warning: L6314W: No section matches pattern *(.arch_info_init).
.\STM32-DEMO.sct(24): warning: L6314W: No section matches pattern *(.driver_info_init_start).
.\STM32-DEMO.sct(28): warning: L6314W: No section matches pattern *(.driver_info_init).
.\STM32-DEMO.sct(32): warning: L6314W: No section matches pattern *(.driver_info_init_end).
Program Size: Code=7880 RO-data=268 RW-data=136 ZI-data=17192  
FromELF: creating hex file...
".\Output\STM32-DEMO.axf" - 0 Errors, 6 Warning(s).
Rebuild target 'LED-DEMO'
assembling startup_stm32f10x_md.s...
compiling led.c...
compiling main.c...
compiling stm32f10x_it.c...
compiling stm32f10x_gpio.c...
compiling stm32f10x_rcc.c...
compiling core_cm3.c...
compiling system_stm32f10x.c...
compiling croutine.c...
compiling event_groups.c...
compiling list.c...
compiling queue.c...
compiling tasks.c...
compiling timers.c...
compiling heap_4.c...
compiling port.c...
compiling hal_init.c...
linking...
.\Output\STM32-DEMO.axf: Warning: L6319W: Ignoring --keep command. Cannot find section *(.arch_info_init).
.\Output\STM32-DEMO.axf: Warning: L6319W: Ignoring --keep command. Cannot find section *(.driver_info_init).
.\STM32-DEMO.sct(16): warning: L6314W: No section matches pattern *(.arch_info_init).
.\STM32-DEMO.sct(24): warning: L6314W: No section matches pattern *(.driver_info_init_start).
.\STM32-DEMO.sct(28): warning: L6314W: No section matches pattern *(.driver_info_init).
.\STM32-DEMO.sct(32): warning: L6314W: No section matches pattern *(.driver_info_init_end).
Program Size: Code=7880 RO-data=268 RW-data=136 ZI-data=17192  
FromELF: creating hex file...
".\Output\STM32-DEMO.axf" - 0 Errors, 6 Warning(s).
Load "C:\\Users\\U376677\\Desktop\\LED_test_2\\Project\\Output\\STM32-DEMO.axf" 
Set JLink Project File to "C:\Users\U376677\Desktop\LED_test_2\Project\JLinkSettings.ini"
* JLink Info: Device "STM32F103C8" selected (64 KB flash, 20 KB RAM).
 
JLink info:
------------
DLL: V4.68a, compiled Apr 12 2013 13:26:50
Firmware: J-Link ARM V8 compiled Jul 17 2013 11:24:15
Hardware: V8.00
S/N : 270676280 
Feature(s) : RDI,FlashDL,FlashBP,JFlash,GDBFULL 
 
* JLink Info: Found SWD-DP with ID 0x1BA01477
* JLink Info: Found SWD-DP with ID 0x1BA01477
* JLink Info: TPIU fitted.
* JLink Info: FPUnit: 6 code (BP) slots and 2 literal slots
* JLink Info: Found Cortex-M3 r1p1, Little endian.
ROMTableAddr = 0xE00FF003
 
Target info:
------------
Device: STM32F103C8
VTarget = 3.254V
State of Pins: 
TCK: 0, TDI: 1, TDO: 1, TMS: 1, TRES: 1, TRST: 1
Hardware-Breakpoints: 6
Software-Breakpoints: 8192
Watchpoints:          4
JTAG speed: 2000 kHz
 
Erase Done.
Programming Done.
Verify OK.
Rebuild target 'LED-DEMO'
assembling startup_stm32f10x_md.s...
compiling led.c...
compiling main.c...
compiling stm32f10x_it.c...
compiling stm32f10x_gpio.c...
compiling stm32f10x_rcc.c...
compiling core_cm3.c...
compiling system_stm32f10x.c...
compiling croutine.c...
compiling event_groups.c...
compiling list.c...
compiling queue.c...
compiling tasks.c...
compiling timers.c...
compiling heap_4.c...
compiling port.c...
compiling hal_init.c...
linking...
.\Output\STM32-DEMO.axf: Warning: L6319W: Ignoring --keep command. Cannot find section *(.arch_info_init).
.\Output\STM32-DEMO.axf: Warning: L6319W: Ignoring --keep command. Cannot find section *(.driver_info_init).
.\STM32-DEMO.sct(16): warning: L6314W: No section matches pattern *(.arch_info_init).
.\STM32-DEMO.sct(24): warning: L6314W: No section matches pattern *(.driver_info_init_start).
.\STM32-DEMO.sct(28): warning: L6314W: No section matches pattern *(.driver_info_init).
.\STM32-DEMO.sct(32): warning: L6314W: No section matches pattern *(.driver_info_init_end).
Program Size: Code=7880 RO-data=268 RW-data=136 ZI-data=17192  
FromELF: creating hex file...
".\Output\STM32-DEMO.axf" - 0 Errors, 6 Warning(s).
Load "C:\\Users\\U376677\\Desktop\\LED_test_2\\Project\\Output\\STM32-DEMO.axf" 
Set JLink Project File to "C:\Users\U376677\Desktop\LED_test_2\Project\JLinkSettings.ini"
* JLink Info: Device "STM32F103C8" selected (64 KB flash, 20 KB RAM).
 
JLink info:
------------
DLL: V4.68a, compiled Apr 12 2013 13:26:50
Firmware: J-Link ARM V8 compiled Jul 17 2013 11:24:15
Hardware: V8.00
S/N : 270676280 
Feature(s) : RDI,FlashDL,FlashBP,JFlash,GDBFULL 
 
* JLink Info: Found SWD-DP with ID 0x1BA01477
* JLink Info: Found SWD-DP with ID 0x1BA01477
* JLink Info: TPIU fitted.
* JLink Info: FPUnit: 6 code (BP) slots and 2 literal slots
* JLink Info: Found Cortex-M3 r1p1, Little endian.
ROMTableAddr = 0xE00FF003
 
Target info:
------------
Device: STM32F103C8
VTarget = 3.254V
State of Pins: 
TCK: 0, TDI: 1, TDO: 0, TMS: 1, TRES: 1, TRST: 1
Hardware-Breakpoints: 6
Software-Breakpoints: 8192
Watchpoints:          4
JTAG speed: 2000 kHz
 
Erase Done.
Programming Done.
Verify OK.
Rebuild target 'LED-DEMO'
assembling startup_stm32f10x_md.s...
compiling led.c...
compiling main.c...
compiling stm32f10x_it.c...
compiling stm32f10x_gpio.c...
compiling stm32f10x_rcc.c...
compiling core_cm3.c...
compiling system_stm32f10x.c...
compiling croutine.c...
compiling event_groups.c...
compiling list.c...
compiling queue.c...
compiling tasks.c...
compiling timers.c...
compiling heap_4.c...
compiling port.c...
compiling hal_init.c...
linking...
.\Output\STM32-DEMO.axf: Warning: L6319W: Ignoring --keep command. Cannot find section *(.arch_info_init).
.\Output\STM32-DEMO.axf: Warning: L6319W: Ignoring --keep command. Cannot find section *(.driver_info_init).
.\STM32-DEMO.sct(16): warning: L6314W: No section matches pattern *(.arch_info_init).
Program Size: Code=7880 RO-data=268 RW-data=136 ZI-data=17192  
FromELF: creating hex file...
".\Output\STM32-DEMO.axf" - 0 Errors, 3 Warning(s).
Rebuild target 'LED-DEMO'
assembling startup_stm32f10x_md.s...
compiling led.c...
compiling main.c...
compiling stm32f10x_it.c...
compiling stm32f10x_gpio.c...
compiling stm32f10x_rcc.c...
compiling core_cm3.c...
compiling system_stm32f10x.c...
compiling croutine.c...
compiling event_groups.c...
compiling list.c...
compiling queue.c...
compiling tasks.c...
compiling timers.c...
compiling heap_4.c...
compiling port.c...
compiling hal_init.c...
compiling mach_minisys.c...
..\HAL\mach\mach_minisys.c(29): warning:  #1-D: last line of file ends without a newline
linking...
.\Output\STM32-DEMO.axf: Warning: L6319W: Ignoring --keep command. Cannot find section *(.driver_info_init).
Program Size: Code=7886 RO-data=314 RW-data=136 ZI-data=17192  
FromELF: creating hex file...
".\Output\STM32-DEMO.axf" - 0 Errors, 2 Warning(s).
Rebuild target 'LED-DEMO'
assembling startup_stm32f10x_md.s...
compiling led.c...
compiling main.c...
compiling stm32f10x_it.c...
compiling stm32f10x_gpio.c...
compiling stm32f10x_rcc.c...
compiling core_cm3.c...
compiling system_stm32f10x.c...
compiling croutine.c...
compiling event_groups.c...
compiling list.c...
compiling queue.c...
compiling tasks.c...
compiling timers.c...
compiling heap_4.c...
compiling port.c...
compiling hal_init.c...
compiling mach_minisys.c...
linking...
.\Output\STM32-DEMO.axf: Warning: L6319W: Ignoring --keep command. Cannot find section *(.driver_info_init).
Program Size: Code=7886 RO-data=314 RW-data=136 ZI-data=17192  
FromELF: creating hex file...
".\Output\STM32-DEMO.axf" - 0 Errors, 1 Warning(s).
Load "C:\\Users\\U376677\\Desktop\\LED_test_2\\Project\\Output\\STM32-DEMO.axf" 
Set JLink Project File to "C:\Users\U376677\Desktop\LED_test_2\Project\JLinkSettings.ini"
* JLink Info: Device "STM32F103C8" selected (64 KB flash, 20 KB RAM).
 
JLink info:
------------
DLL: V4.68a, compiled Apr 12 2013 13:26:50
Firmware: J-Link ARM V8 compiled Jul 17 2013 11:24:15
Hardware: V8.00
S/N : 270676280 
Feature(s) : RDI,FlashDL,FlashBP,JFlash,GDBFULL 
 
* JLink Info: Found SWD-DP with ID 0x1BA01477
* JLink Info: Found SWD-DP with ID 0x1BA01477
* JLink Info: TPIU fitted.
* JLink Info: FPUnit: 6 code (BP) slots and 2 literal slots
* JLink Info: Found Cortex-M3 r1p1, Little endian.
ROMTableAddr = 0xE00FF003
 
Target info:
------------
Device: STM32F103C8
VTarget = 3.254V
State of Pins: 
TCK: 0, TDI: 1, TDO: 0, TMS: 1, TRES: 1, TRST: 1
Hardware-Breakpoints: 6
Software-Breakpoints: 8192
Watchpoints:          4
JTAG speed: 2000 kHz
 
Erase Done.
Programming Done.
Verify OK.
